-
02
-
0123
-
02
-
01234
-
02
-
0123
-
02
-
01234
