0
01
02
013
04
012
0
013
02
014
0
0123
0
01
024
013
0
