0
02
03
012
04
023
0
012
03
024
0
0123
0
02
034
012
0
023
0
0124
03
02
0
0123
04
02
03
012
0
0234
0
012
03
02
04
0123
0
02
03
0124
0
023
0
012
034
02
0
0123
0
024
03
