-
4
-
34
-
4
-
234
-
4
-
34
-
4
-
1234
-
4
-
34
-
4
-
234
-
4
-
34
-
4
-
01234
-
4
-
34
-
4
-
234
-
4
-
34
-
4
-
1234
-
4
-
34
-
4
-
234
-
4
-
34
-
4
-
01234
-
4
-
34
-
4
-
234
-
4
-
34
-
4
-
1234
-
4
-
34
-
4
-
234
-
4
-
34
-
4
-
01234
-
4
-
34
-
4
-
234
-
4
-
34
-
4
-
1234
-
4
-
34
-
4
-
234
-
4
-
34
-
4
-
01234
