0
01
0
012
0
01
0
0123
0
01
0
012
0
01
0
01234
0
01
0
012
0
01
0
0123
0
01
0
012
0
01
0
01234
0
01
0
012
0
01
0
0123
0
01
0
012
0
01
0
01234
0
01
0
012
0
01
0
0123
0
01
0
012
0
01
0
01234
