04
0134
024
0134
04
01234
04
0134
024
0134
04
01234
04
0134
024
0134
04
01234
04
0134
024
0134
04
01234
04
0134
024
0134
04
01234
